{
  "NumberOfAtoms": 8,
  "NumberOfClauses": 5,
  "Frequencies": {
    "PositiveLiterals": [
      3,
      1,
      1,
      1,
      2,
      1,
      1,
      1
    ],
    "NegativeLiterals": [
      1,
      0,
      2,
      0,
      0,
      0,
      1,
      0
    ],
    "Variables": [
      4,
      1,
      3,
      1,
      2,
      1,
      2,
      1
    ],
    "ClauseLiteralSums": [
      7,
      3,
      4,
      5,
      6
    ],
    "ClauseLiteralMeans": [
      2.33333333333333,
      1.0,
      1.33333333333333,
      1.66666666666667,
      2.0
    ],
    "ClauseVariableSums": [
      9,
      7,
      5,
      8,
      8
    ],
    "ClauseVariableMeans": [
      3.0,
      2.33333333333333,
      1.66666666666667,
      2.66666666666667,
      2.66666666666667
    ]
  },
  "CountedBinaries": {
    "PositiveLiterals": [
      1,
      0,
      2,
      0,
      0,
      0,
      1,
      0
    ],
    "NegativeLiterals": [
      3,
      1,
      1,
      1,
      2,
      1,
      1,
      1
    ],
    "Variables": [
      4,
      1,
      3,
      1,
      2,
      1,
      2,
      1
    ],
    "ClauseLiteralSums": [
      2,
      4,
      1,
      3,
      2
    ],
    "ClauseLiteralMeans": [
      0.666666666666667,
      1.33333333333333,
      0.333333333333333,
      1.0,
      0.666666666666667
    ],
    "ClauseVariableSums": [
      9,
      7,
      5,
      8,
      8
    ],
    "ClauseVariableMeans": [
      3.0,
      2.33333333333333,
      1.66666666666667,
      2.66666666666667,
      2.66666666666667
    ]
  },
  "WeightedBinaries": {
    "Variables": [
      4.0,
      0.0,
      1.0,
      0.0,
      0.0,
      0.0,
      3.0,
      0.0
    ],
    "ClauseVariableSums": [
      5.0,
      7.0,
      1.0,
      5.0,
      7.0
    ],
    "ClauseVariableMeans": [
      1.66666666666667,
      2.33333333333333,
      0.333333333333333,
      1.66666666666667,
      2.33333333333333
    ]
  }
}

