{
  "NumberOfAtoms": 8,
  "NumberOfClauses": 5,
  "Frequencies": {
    "PositiveLiterals": [
      3,
      1,
      1,
      1,
      2,
      1,
      1,
      1
    ],
    "NegativeLiterals": [
      1,
      0,
      2,
      0,
      0,
      0,
      1,
      0
    ],
    "Variables": [
      4,
      1,
      3,
      1,
      2,
      1,
      2,
      1
    ],
    "ClauseLiteralSums": [
      7,
      3,
      4,
      5,
      6
    ],
    "ClauseVariableSums": [
      9,
      7,
      5,
      8,
      8
    ]
  },
  "CountedBinaries": {
    "PositiveLiterals": [
      1,
      0,
      2,
      0,
      0,
      0,
      1,
      0
    ],
    "NegativeLiterals": [
      3,
      1,
      1,
      1,
      2,
      1,
      1,
      1
    ],
    "Variables": [
      4,
      1,
      3,
      1,
      2,
      1,
      2,
      1
    ],
    "ClauseLiteralSums": [
      2,
      4,
      1,
      3,
      2
    ],
    "ClauseVariableSums": [
      9,
      7,
      5,
      8,
      8
    ]
  }
}

