{
  "NumberOfAtoms": 4,
  "NumberOfClauses": 14,
  "Frequencies": {
    "PositiveLiterals": [
      11,
      7,
      6,
      8
    ],
    "NegativeLiterals": [
      2,
      2,
      3,
      0
    ],
    "Variables": [
      13,
      9,
      9,
      8
    ],
    "ClauseLiteralSums": [
      21,
      16,
      18,
      24,
      26,
      24,
      16,
      22,
      21,
      26,
      24,
      11,
      11,
      27
    ],
    "ClauseLiteralMeans": [
      7,
      5.33333333333333,
      9.0,
      8.0,
      8.66666666666667,
      8.0,
      5.33333333333333,
      7.33333333333333,
      7.0,
      8.66666666666667,
      8.0,
      11.0,
      5.5,
      6.75
    ],
    "ClauseVariableSums": [
      31,
      30,
      22,
      31,
      30,
      31,
      30,
      30,
      30,
      30,
      31,
      13,
      17,
      39
    ],
    "ClauseVariableMeans": [
      10.3333333333333,
      10.0,
      11.0,
      10.3333333333333,
      10.0,
      10.3333333333333,
      10,
      10,
      10,
      10,
      10.3333333333333,
      13.0,
      8.5,
      9.75
    ]
  },
  "CountedBinaries": {
    "PositiveLiterals": [
      1,
      1,
      1,
      0
    ],
    "NegativeLiterals": [
      4,
      3,
      1,
      3
    ],
    "Variables": [
      5,
      4,
      2,
      3
    ],
    "ClauseLiteralSums": [
      3,
      5,
      2,
      3,
      2,
      3,
      5,
      2,
      4,
      2,
      3,
      1,
      1,
      5
    ],
    "ClauseLiteralMeans": [
      1.0,
      1.66666666666667,
      1.0,
      1.0,
      0.666666666666667,
      1.0,
      1.66666666666667,
      0.666666666666667,
      1.33333333333333,
      0.666666666666667,
      1.0,
      1.0,
      0.5,
      1.25
    ],
    "ClauseVariableSums": [
      11,
      10,
      9,
      11,
      12,
      11,
      10,
      10,
      12,
      12,
      11,
      5,
      5,
      14
    ],
    "ClauseVariableMeans": [
      3.66666666666667,
      3.33333333333333,
      4.5,
      3.66666666666667,
      4.0,
      3.66666666666667,
      3.33333333333333,
      3.33333333333333,
      4.0,
      4.0,
      3.66666666666667,
      5.0,
      2.5,
      3.5
    ]
  },
  "WeightedBinaries": {
    "Variables": [
      187.6,
      36.4,
      26.4,
      0.0
    ],
    "ClauseVariableSums": [
      250.4,
      214.0,
      224.0,
      250.4,
      224.0,
      250.4,
      214.0,
      214.0,
      224.0,
      224.0,
      250.4,
      187.6,
      26.4,
      250.4
    ],
    "ClauseVariableMeans": [
      83.4666666666667,
      71.3333333333333,
      112.0,
      83.4666666666667,
      74.6666666666667,
      83.4666666666667,
      71.3333333333333,
      71.3333333333333,
      74.6666666666667,
      74.6666666666667,
      83.4666666666667,
      187.6,
      13.2,
      62.6
    ]
  }
}
