{
  "NumberOfAtoms": 4,
  "NumberOfClauses": 14,
  "Frequencies": {
    "PositiveLiterals": [
      11,
      7,
      7,
      7
    ],
    "NegativeLiterals": [
      2,
      3,
      3,
      0
    ],
    "Variables": [
      13,
      10,
      10,
      7
    ],
    "ClauseLiteralSums": [
      21,
      16,
      21,
      25,
      25,
      25,
      16,
      21,
      21,
      25,
      25,
      11,
      10,
      28
    ],
    "ClauseVariableSums": [
      33,
      30,
      33,
      33,
      30,
      33,
      30,
      30,
      30,
      30,
      33,
      13,
      20,
      40
    ]
  },
  "CountedBinaries": {
    "PositiveLiterals": [
      2,
      1,
      3,
      0
    ],
    "NegativeLiterals": [
      9,
      7,
      5,
      6
    ],
    "Variables": [
      11,
      8,
      8,
      6
    ],
    "ClauseLiteralSums": [
      8,
      12,
      8,
      6,
      3,
      6,
      12,
      7,
      9,
      3,
      6,
      2,
      10,
      12
    ],
    "ClauseVariableSums": [
      27,
      25,
      27,
      27,
      25,
      27,
      25,
      25,
      25,
      25,
      27,
      11,
      16,
      33
    ]
  }
}
