{
  "NumberOfAtoms": 8,
  "NumberOfClauses": 15,
  "Frequencies": {
    "PositiveLiterals": [
      6,
      1,
      8,
      3,
      5,
      1,
      5,
      4
    ],
    "NegativeLiterals": [
      3,
      0,
      2,
      1,
      3,
      1,
      1,
      1
    ],
    "Variables": [
      9,
      1,
      10,
      4,
      8,
      2,
      6,
      5
    ],
    "ClauseLiteralSums": [
      13,
      12,
      6,
      15,
      12,
      17,
      8,
      7,
      11,
      18,
      14,
      18,
      19,
      15,
      18
    ],
    "ClauseLiteralMeans": [
      4.33333333333333,
      4.0,
      2.0,
      5.0,
      4.0,
      5.66666666666667,
      2.66666666666667,
      2.33333333333333,
      3.66666666666667,
      6.0,
      4.66666666666667,
      6.0,
      6.33333333333333,
      5.00000000000000,
      6.0
    ],
     "ClauseVariableSums": [
      27,
      20,
      15,
      21,
      23,
      27,
      11,
      15,
      18,
      24,
      27,
      24,
      27,
      24,
      24
    ],
     "ClauseVariableMeans": [
      9.0,
      6.66666666666667,
      5.0,
      7.0,
      7.66666666666667,
      9.0,
      3.66666666666667,
      5.0,
      6.0,
      8.0,
      9.0,
      8.0,
      9.0,
      8.0,
      8.0
    ]
  },
  "CountedBinaries": {
    "PositiveLiterals": [
      3,
      0,
      2,
      1,
      3,
      1,
      1,
      1
    ],
    "NegativeLiterals": [
      6,
      1,
      7,
      3,
      4,
      1,
      4,
      4
    ],
    "Variables": [
      9,
      1,
      9,
      4,
      7,
      2,
      5,
      5
    ],
    "ClauseLiteralSums": [
      13,
      8,
      8,
      6,
      10,
      9,
      3,
      8,
      6,
      6,
      12,
      6,
      8,
      9,
      6
    ],
    "ClauseLiteralMeans": [
      4.33333333333333,
      2.66666666666667,
      2.66666666666667,
      2.0,
      3.33333333333333,
      3.0,
      1.0,
      2.66666666666667,
      2.0,
      2.0,
      4.0,
      2.0,
      2.66666666666667,
      3.0,
      2.0
    ],
     "ClauseVariableSums": [
      25,
      19,
      14,
      20,
      21,
      25,
      11,
      14,
      16,
      21,
      25,
      21,
      25,
      23,
      23
    ],
     "ClauseVariableMeans": [
      8.33333333333333,
      6.33333333333333,
      4.66666666666667,
      6.66666666666667,
      7.0,
      8.33333333333333,
      3.66666666666667,
      4.66666666666667,
      5.33333333333333,
      7.0,
      8.33333333333333,
      7.0,
      8.33333333333333,
      7.66666666666667,
      7.66666666666667
    ]
  },
  "WeightedBinaries": {
    "Variables": [
      444.0,
      0.0,
      308.0,
      80.0,
      405.0,
      10.0,
      150.0,
      88.0
    ],
     "ClauseVariableSums": [
      1157.0,
      682.0,
      388.0,
      762.0,
      999.0,
      1157.0,
      178.0,
      318.0,
      635.0,
      863.0,
      1157.0,
      863.0,
      1157.0,
      840.0,
      840.0
    ],
     "ClauseVariableMeans": [
      385.666666666667,
      227.333333333333,
      129.333333333333,
      254.0,
      333.0,
      385.666666666667,
      59.3333333333333,
      106.0,
      211.666666666667,
      287.666666666667,
      385.666666666667,
      287.666666666667,
      385.666666666667,
      280.0,
      280.0
    ]
  }
}
