{
  "NumberOfAtoms": 8,
  "NumberOfClauses": 15,
  "Frequencies": {
    "PositiveLiterals": [
      6,
      1,
      8,
      3,
      5,
      1,
      5,
      4
    ],
    "NegativeLiterals": [
      3,
      0,
      2,
      1,
      3,
      1,
      1,
      1
    ],
    "Variables": [
      9,
      1,
      10,
      4,
      8,
      2,
      6,
      5
    ],
    "ClauseLiteralSums": [
      13,
      12,
      6,
      15,
      12,
      17,
      8,
      7,
      11,
      18,
      14,
      18,
      19,
      15,
      18
    ],
     "ClauseVariableSums": [
      27,
      20,
      15,
      21,
      23,
      27,
      11,
      15,
      18,
      24,
      27,
      24,
      27,
      24,
      24
    ]
  },
  "CountedBinaries": {
    "PositiveLiterals": [
      3,
      0,
      2,
      1,
      3,
      1,
      1,
      1
    ],
    "NegativeLiterals": [
      6,
      1,
      8,
      3,
      5,
      1,
      5,
      4
    ],
    "Variables": [
      9,
      1,
      10,
      4,
      8,
      2,
      6,
      5
    ],
    "ClauseLiteralSums": [
      14,
      8,
      9,
      6,
      11,
      10,
      3,
      8,
      7,
      6,
      13,
      6,
      8,
      9,
      6
    ],
     "ClauseVariableSums": [
      27,
      20,
      15,
      21,
      23,
      27,
      11,
      15,
      18,
      24,
      27,
      24,
      27,
      24,
      24
    ]
  }
}
